([[$["file":"swap", "freq":0, "mntops":"defaults", "passno":0, "spec":"/dev/sda2", "vfstype":"swap"], $["file":"/", "freq":1, "mntops":"defaults", "passno":1, "spec":"/dev/sda1", "vfstype":"ext2"], $["file":"/usr", "freq":1, "mntops":"defaults", "passno":2, "spec":"/dev/sda3", "vfstype":"reiserfs"], $["file":"/cdrom", "freq":0, "mntops":"ro,noauto,user", "passno":0, "spec":"/dev/scd0", "vfstype":"iso9660"], $["file":"/floppy", "freq":0, "mntops":"noauto,user", "passno":0, "spec":"/dev/fd0", "vfstype":"auto"], $["file":"/home/dhs", "mntops":"rw,hard,bg,intr,rsize=8192,wsize=8192", "spec":"wotan:/real-home", "vfstype":"nfs"], $["file":"/home/alex", "mntops":"rw,hard,bg,intr,rsize=8192,wsize=8192", "spec":"galois:/real-home", "vfstype":"nfs"], $["file":"/mirror", "mntops":"rw,intr,noauto,user,exec,rsize=8192,wsize=819:", "spec":"euklid:/mirror", "vfstype":"nfs"], $["file":"/schnell", "mntops":"rw,intr,noauto,user,exec,rsize=8192,wsize=819:", "spec":"schnell:/cdrom", "vfstype":"nfs"], $["file":"/proc", "freq":0, "mntops":"defaults", "passno":0, "spec":"none", "vfstype":"proc"]], true])
