($["bogomips":23399.8, "cache":2048, "coma_bug":false, "cpuid_level":3, "f00f_bug":false, "family":6, "fdiv_bug":false, "flags":["fpu", "vme", "de", "pse", "tsc", "msr", "pae", "mce", "cx8", "sep", "mtrr", "pge", "mca", "cmov", "pat", "pse36", "mmx", "osfxsr"], "fpu":true, "fpu_exception":true, "hlt_bug":false, "mhz":7501.92, "model":12, "model_name":"Pentium XI (Future)", "processor":0, "sep_bug":false, "stepping":3, "vendor_id":"GenuineIntel", "wp":true])
