(["a", "b", "c", "z", "채", "체"])
(["a", "채", "b", "c", "체", "z"])
