([["Advanced-Devel", " Advanced Development", "addon"], ["Kde", " All of KDE", "addon"], ["zzz_Alles", " All packages (very time-consuming)", "baseconf"], ["Standard", " Default system", "baseconf"], ["default", " Default system", "baseconf"], ["Devel", " Development", "addon"], ["Games", " Games", "addon"], ["Gnome", " Gnome system", "addon"], ["SuSE-Documentation", " Help & Support Documentation", "addon"], ["hilbert", " Hilbert/Machcd Server", "baseconf"], ["Kde-Desktop", " KDE Desktop Environment", "addon"], ["Linux-Devel", " Linux Development Tools", "addon"], ["Minimal+X11", " Minimum graphical system (without KDE)", "baseconf"], ["Minimal", " Minimum system", "baseconf"], ["Multimedia", " Multimedia", "addon"], ["Network", " Network/Server", "addon"], ["Office", " Office Applications", "addon"], ["LAMP", " Simple Webserver", "addon"], ["X11", " X11", "addon"]])
