("test cases for findfirstof")
(true)
(true)
(true)
(true)
("test cases for findlastof")
(true)
(true)
(true)
(true)
("test cases for findfirstnotof")
(true)
(true)
(true)
(true)
(true)
("test cases for findlastnotof")
(true)
(true)
(true)
(true)
(true)
