("void")
(true)
("boolean")
(true)
(true)
(true)
(true)
(true)
(true)
("integer")
(true)
(true)
(true)
(true)
(true)
(true)
(true)
(true)
(true)
("float")
(true)
(true)
(true)
(true)
(true)
(true)
(true)
(true)
("string")
(true)
(true)
(true)
(true)
(true)
(true)
(true)
(true)
(true)
(true)
(true)
(true)
("path")
(true)
(true)
("list")
(true)
(true)
(true)
(true)
(true)
(true)
(true)
(true)
(true)
(true)
(true)
("term")
(true)
(true)
(true)
(true)
(true)
(true)
(true)
(true)
(true)
("map")
(true)
(true)
(true)
(true)
(true)
(true)
("locale")
(true)
(true)
(true)
("nil")
(true)
(true)
(true)
(true)
