(2)
(0)
(1)
(1)
(0)
(2)
(0)
(1)
(1)
(-2)
(false)
(true)
(true)
(false)
(false)
(true)
(true)
(false)
(false)
(0)
(1)
(1)
