(true)
(true)
(true)
(true)
(true)
(`Termified (`Termified (`Termified (`Austria, `Belgium), `Termified (`Termified (`China, `D_Nation), `Termified (`England, `France))), `Termified (`Greece, nil)))
