(true)
(true)
(true)
(true)
(true)
(true)
(true)
(true)
(true)
(true)
(true)
(true)
(true)
(true)
(true)
(true)
(true)
(true)
(true)
(true)
(true)
(true)
(true)
(1)
(0)
