{
    // integer i
    integer i = 0;
    return i;
}
