(true)
(true)
(true)
(true)
(true)
(true)
(true)
(true)
(true)
(true)
(true)
(true)
($["a":"A", "b":"B", "c":"C"])
