([*** invalid argument, 46, *** invalid argument])
