(5.5)
(2.9)
(5.46)
(3.23077)
(0.3)
(0.3)
(4.2)
(4.2)
(-0.25)
(0.25)
