(300.)
(300.)
(0.09)
(300.)
(0.0256)
(3.)
(2.56)
(0.)
(0.)
(0.)
