(0)
(0)
(1)
(4294967300)
(55)
(29)
(546)
(3)
(3)
(8)
(47)
(-14)
(13)
(56)
(-13)
(13)
(55)
(1)
(27)
(1)
(0)
(3735928559)
(nil)
