($[])
($[])
($["/home":3200, "/usr":560])
($[1:true, "string":17])
($[1:true, 2:[true, false], "string":17])
($[`x:true, `y:false])
($[1:1, "s":"s"])
(true)
