(."")
(."habakuk")
(."!@#$%^&*()+_-{}[]|~`,.<>/?;:'")
(."-")
(."-text-")
(."\"\\\n\t\r\b \f A ...")
(."\"\"\"")
(."a\"a\"a")
(."X41000")
(."MN\xF4\xF4")
(.""."")
(."habakuk"."habakuk")
(."-"."-")
(."-text-"."-text-")
(."\"\\\n\t\r\b \f A ..."."\"\\\n\t\r\b \f A ...")
(."\"\"\""."\"\"\"")
(."a\"a\"a"."a\"a\"a")
(."example"."path")
(."com po sed"."pa th")
(.three.times."\"concatenated\""."!@#$%^")
(.obscur.example.""."--")
(.obscur.example."")
