(.)
(._._)
(.a0a9a._._._._.a0a9a)
(.modules.snd-card-ens1371)
(.example.path)
(.composed.path)
(.three.times.concatenated.path)
(.three.times.concatenated.path)
(.three.times.concatenated.path)
(.obscur.example)
(.obscur.example)
