("Hello world")
("Hello          world")
("Hello world$")
("Hello world$")
("Hello world")
("Hello\r\n\t\b\fworldHello")
("Special characters: !#$%&\264()*+,-./:;<=>?@[]^_`{}|~")
("Hello world\n Hello world")
("Hello world Hello world")
("Hello world999Hallo world")
("Hello world\0044Hallo world")
("Hello world$Hallo world")
