(#[])
(#[536F667477617265206973206C696B65207365782E2049742773206265747465 72207768656E206974277320667265652E0A])
(true)
(nil)
(#[FF])
