(true)
(false)
(true)
($[])
(0)
(50)
(4729077760)
