(true)
# file with only comments
#

# new alias comment
alias al3 A3
