(nil)
(6)
(27)
(27)
(27)
(27)
(27)
(nil)
(1)
(true)
(nil)
(nil)
