(nil)
start s1
  start s11
    key111=val111
  end s11
  key11=val11
  sec t11
    key11=val11
  endsec t11
end s1

start z1
  sec z2
  endsec z2
end z1

start a1
  sec newsec
    newkey=newval
  endsec newsec
  v=a1
end a1
