(nil)
; first line comment
; second line comment
+Section1
    Val1=42
    Val2=value12
    Val3=value13
-Section1

+Section2
    Val1=value21
    Val2=value22
    Val3=value23
-Section2
