("** comparisons **")
(true)
(true)
(false)
(false)
(true)
(true)
(false)
(false)
("** unary operators **")
(true)
(false)
("** logical operators **")
(true)
(false)
(false)
(false)
(true)
(true)
(true)
(false)
