("** equality **")
(true)
(true)
(false)
(false)
(false)
("** inequality **")
(false)
(false)
(true)
(true)
(true)
("** foreach **")
(7)
("** prepend **")
([8, 1, 4])
([8])
