(true)
(true)
(true)
(true)
(true)
("test case union finished")
