("** equality **")
(true)
(true)
(false)
("** inequality **")
(false)
(false)
(true)
("** haskey **")
(true)
(false)
("** lookup **")
("a")
