("** time **")
(true)
("** sleep **")
(nil)
("** random **")
(true)
(true)
(true)
(true)
(true)
(true)
(true)
("** logging **")
(nil)
