("** size **")
(0)
(5)
("** plus **")
("YaST2")
("YaST2")
("YaST.two")
("YaSTtwo")
("YaST2")
("The YaST")
("** equality **")
(true)
(false)
("** inequality **")
(true)
(false)
("** issubstring **")
(true)
(false)
("** substring **")
("text")
("")
("te")
("")
("** mergestring **")
("/abc/dev/ghi")
("abc/dev/ghi/")
(nil)
("")
("abcdevghi")
("abc123dev123ghi")
("** deletechars **")
("123")
("1a2b3c")
("")
("")
("** filterchars **")
("abc")
("")
("")
("")
("** crypt  -  disabled **")
("** tolower and toascii **")
("abcdef")
("aBc")
("** find et.al. **")
(4)
(-1)
(3)
(nil)
(2)
(nil)
(5)
(nil)
("** regex **")
(true)
(true)
(true)
(true)
(true)
(true)
(true)
(true)
(true)
(true)
("** sformat **")
("five is greater % than 3")
("** conversions **")
("63.0000")
("0.1235")
("0x1f")
