("** size **")
(2)
("** add **")
(`sym (1, 2))
("** symbolof and argsof **")
(`hrombuch)
([18, false])
("** remove **")
(`hrombuch ("b", "c"))
("** select **")
(42)
(1)
(2)
(42)
(1)
