("** size **")
(2)
(0)
("** add and + **")
(.aaa."anypath...\n\"")
(.aaa."anypath...\n\"")
("** comparisons **")
(false)
(false)
(true)
(true)
("** conversions ** ")
(.some.path)
(.some.path)
(.some.path)
