(true)
(true)
(true)
(true)
(true)
(true)
(true)
(nil)
