(`Termified (`Austria, `Belgium))
(true)
(true)
("test case add for term finished")
