(true)
(true)
(true)
(true)
(true)
(true)
(true)
("issubstring")
(true)
(true)
(true)
(true)
(true)
(true)
(true)
(true)
