(nil)
("** size **")
(0)
(2)
("** remove **")
(nil)
($[])
($[3:4])
("** change **")
($["a":false])
