([42, 23, *** Type mismatch, *** Type mismatch, *** Missing argument, *** Type mismatch])
