(true)
(nil)
(true)
(true)
(nil)
(true)
(true)
(nil)
(nil)
(true)
(true)
(true)
(true)
(true)
(true)
(true)
