[false, 42, 42.42, .p.a.t.h, [1, 2, 3], $[1:"a", 2:"b", 3:"c"]]
